cbox
include
cdrom.h (10 matches)
CDROM_Interface_Image, line 208:  bool	GetRealFileName(std::string& filename, std::string& pathname);
CDROM_Interface_Image, line 209:  bool	GetCueKeyword(std::string &keyword, std::istringstream &in);
CDROM_Interface_Image, line 210:  bool	GetCueFrame(int &frames, std::istringstream &in);
CDROM_Interface_Image, line 211:  bool	GetCueString(std::string &str, std::istringstream &in);
CDROM_Interface_Image, line 215:  std::vector<Track>	tracks;
track_it, line 216:  typedef	std::vector<Track>::iterator	track_it;
CDROM_Interface_Image, line 217:  std::string	mcn;
dos_system.h (2 matches)
CFileInfo, line 168:  std::vector<CFileInfo*>	fileList;
CFileInfo, line 169:  std::vector<CFileInfo*>	longNameList;
drives.h
DriveInfo, line 45:  std::vector<DOS_Drive*> disks;
programs.h (18 matches)
CommandLine, line 39:  bool FindString(char const * const name,std::string & value,bool remove=false);
CommandLine, line 40:  bool FindCommand(unsigned int which,std::string & value);
CommandLine, line 41:  bool FindStringBegin(char const * const begin,std::string & value, bool remove=false);
CommandLine, line 42:  bool FindStringRemain(char const * const name,std::string & value);
CommandLine, line 43:  bool FindStringRemainBegin(char const * const name,std::string & value);
CommandLine, line 44:  bool GetStringRemain(std::string & value);
CommandLine, line 45:  int GetParameterFromList(const char* const params[], std::vector<std::string> & output);
CommandLine, line 46:  void FillVector(std::vector<std::string> & vector);
cmd_it, line 52:  typedef std::list<std::string>::iterator cmd_it;
CommandLine, line 53:  std::list<std::string> cmds;
CommandLine, line 54:  std::string file_name;
Program, line 65:  std::string temp_line;
Program, line 69:  bool GetEnvStr(const char * entry,std::string & result);
Program, line 70:  bool GetEnvNum(Bitu num,std::string & result);
shell.h (6 matches)
BatchFile, line 50:  std::string filename;
DOS_Shell, line 57:  std::list<std::string> l_history, l_completion;
AutoexecObject, line 129:  std::string buf;
AutoexecObject, line 132:  void Install(std::string const &in);
AutoexecObject, line 133:  void InstallBefore(std::string const &in);
support.h (2 matches)
line 47:  void upcase(std::string &str);
line 48:  void lowcase(std::string &str);